Test 3 pas de permissions sur outfile :

bash :
ppuivif@1G7:~/Desktop/pipex_and_pipex_bonus$ > infile.txt cat -e | cat -e > outfile.txt

sortie d'erreur
display result :
bash: outfile.txt: Permission denied

pipex :
ppuivif@1G7:~/Desktop/pipex_and_pipex_bonus$ ./pipex infile.txt "cat -e" "cat -e" outfile.txt

sortie d'erreur
display result :
Error opening files: Permission denied

-----------------------------------------------------------------------------------------------

Test 4 infile n'existe pas :

bash :
ppuivif@2A4:~/Desktop/pipex_and_pipex_bonus$ > infile.txt cat -e | ls -l > outfile.txt

pas de sortie d'erreur
result de cat outfile.txt :
ppuivif@2A4:~/Desktop/pipex_and_pipex_bonus$ cat outfile.txt 
total 72
drwxr-xr-x 2 ppuivif 2023_angouleme  4096 Apr  1 16:58 doc_pipex
-rw-r--r-- 1 ppuivif 2023_angouleme     0 Apr  4 12:24 infile.txt
-rw-r--r-- 1 ppuivif 2023_angouleme  2054 Apr  1 16:58 Makefile
drwxr-xr-x 3 ppuivif 2023_angouleme  4096 Apr  3 14:14 mandatory
-rw-r--r-- 1 ppuivif 2023_angouleme     0 Apr  4 12:12 outfile.txt
-rwxr-xr-x 1 ppuivif 2023_angouleme 37616 Apr  3 14:14 pipex
drwxr-xr-x 2 ppuivif 2023_angouleme  4096 Apr  3 14:14 pipex_bonus
-rw-r--r-- 1 ppuivif 2023_angouleme  4325 Apr  1 16:58 README.md
-rwxr--r-- 1 ppuivif 2023_angouleme  3117 Apr  4 12:02 script.sh
-rw-r--r-- 1 ppuivif 2023_angouleme   293 Apr  4 11:59 test.txt

pipex :
ppuivif@2A4:~/Desktop/pipex_and_pipex_bonus$ ./pipex infile.txt "cat -e" "ls -l" > outfile.txt

sortie d'erreur : 1
display result :
Error
./pipex infile cmd1 cmd2 outfile

result de cat outfile.txt :
vide

-----------------------------------------------------------------------------------------------

Test 5 cmd1 invalide :

bash :
ppuivif@1F6:~/Desktop/pipex_and_pipex_bonus$ > infile.txt invalid | ls -l > outfile.txt

pas de sortie d'erreur
result de cat outfile.txt :
total 84
drwxr-xr-x 2 ppuivif 2023_angouleme  4096 Apr  1 16:58 doc_pipex
-rw-r--r-- 1 ppuivif 2023_angouleme     0 Apr  4 14:49 error.log
-rw-r--r-- 1 ppuivif 2023_angouleme     0 Apr  4 15:05 infile.txt
-rw-r--r-- 1 ppuivif 2023_angouleme  2054 Apr  1 16:58 Makefile
drwxr-xr-x 3 ppuivif 2023_angouleme  4096 Apr  3 14:14 mandatory
-rw-r--r-- 1 ppuivif 2023_angouleme   793 Apr  4 14:57 outfile1.txt
-rw-r--r-- 1 ppuivif 2023_angouleme   793 Apr  4 14:57 outfile2.txt
-rw-r--r-- 1 ppuivif 2023_angouleme     0 Apr  4 14:10 outfile.txt
-rwxr-xr-x 1 ppuivif 2023_angouleme 37616 Apr  3 14:14 pipex
drwxr-xr-x 2 ppuivif 2023_angouleme  4096 Apr  3 14:14 pipex_bonus
-rw-r--r-- 1 ppuivif 2023_angouleme  4325 Apr  1 16:58 README.md
-rwxr--r-- 1 ppuivif 2023_angouleme  4474 Apr  4 15:04 script.sh
-rw-r--r-- 1 ppuivif 2023_angouleme   386 Apr  4 14:57 test.txt

pipex :
ppuivif@1F6:~/Desktop/pipex_and_pipex_bonus$ ./pipex infile.txt "invalid" "ls -l" outfile.txt
SORTIE D'ERREUR : 0
DISPLAY RESULT :
Cmd1: No such file or directory
RESULT DE CAT OUTFILE.TXT :
total 84
drwxr-xr-x 2 ppuivif 2023_angouleme  4096 Apr  1 16:58 doc_pipex
-rw-r--r-- 1 ppuivif 2023_angouleme     0 Apr  4 14:49 error.log
-rw-r--r-- 1 ppuivif 2023_angouleme  2054 Apr  1 16:58 Makefile
drwxr-xr-x 3 ppuivif 2023_angouleme  4096 Apr  3 14:14 mandatory
-rw-r--r-- 1 ppuivif 2023_angouleme   859 Apr  4 15:53 outfile1.txt
-rw-r--r-- 1 ppuivif 2023_angouleme   859 Apr  4 15:53 outfile2.txt
-rw-r--r-- 1 ppuivif 2023_angouleme     0 Apr  4 15:54 outfile.txt
-rwxr-xr-x 1 ppuivif 2023_angouleme 37616 Apr  3 14:14 pipex
drwxr-xr-x 2 ppuivif 2023_angouleme  4096 Apr  3 14:14 pipex_bonus
-rw-r--r-- 1 ppuivif 2023_angouleme  4325 Apr  1 16:58 README.md
-rwxr--r-- 1 ppuivif 2023_angouleme  4396 Apr  4 15:52 script.sh
-rw-r--r-- 1 ppuivif 2023_angouleme   443 Apr  4 15:53 test.txt
